----> INFO: Loading analyzers from libFCCAnalyses...
----> INFO: Loading analysis file:
            /r02/lhcb/ejnw2/fcc_2025/FCCAnalyses/examples/FCCee/flavour/B2Inv/process_tuples.py
----> INFO: Multithreading enabled. Running over 8 threads
----> INFO: YAML file with process information successfully loaded:
            /cvmfs/fcc.cern.ch/FCCDicts/yaml/FCCee/winter2023/IDEA/p8_ee_Zbb_ecm91_EvtGen_Bs2NuNu/merge.yaml
----> INFO: Reducing the input file list by fraction "0.28" of total events:
            	- total number of events: 2,000,000
            	- targeted number of events: 560,000
            	- number of events in the resulting file list: 600,000
            	- number of files after reduction: 6
----> INFO: Number of the output files: 5
----> INFO: Running on the batch...
----> INFO: Batch command:
              condor_submit /r02/lhcb/ejnw2/fcc_2025/FCCAnalyses/BatchOutputs/2025-01-21_01-43-33/p8_ee_Zbb_ecm91_EvtGen_Bs2NuNu/job_desc_p8_ee_Zbb_ecm91_EvtGen_Bs2NuNu.cfg
----> INFO: Submitting job(s).....
            5 job(s) submitted to cluster 7805.

----> INFO: GOOD SUBMISSION
----> INFO: YAML file with process information successfully loaded:
            /cvmfs/fcc.cern.ch/FCCDicts/yaml/FCCee/winter2023/IDEA/p8_ee_Zbb_ecm91_EvtGen_Bd2NuNu/merge.yaml
----> INFO: Reducing the input file list by fraction "0.28" of total events:
            	- total number of events: 2,200,000
            	- targeted number of events: 616,000
            	- number of events in the resulting file list: 700,000
            	- number of files after reduction: 7
----> INFO: Number of the output files: 5
----> INFO: Running on the batch...
----> INFO: Batch command:
              condor_submit /r02/lhcb/ejnw2/fcc_2025/FCCAnalyses/BatchOutputs/2025-01-21_01-43-35/p8_ee_Zbb_ecm91_EvtGen_Bd2NuNu/job_desc_p8_ee_Zbb_ecm91_EvtGen_Bd2NuNu.cfg
----> INFO: Submitting job(s).....
            5 job(s) submitted to cluster 7806.

----> INFO: GOOD SUBMISSION
----> INFO: YAML file with process information successfully loaded:
            /cvmfs/fcc.cern.ch/FCCDicts/yaml/FCCee/winter2023/IDEA/p8_ee_Zbb_ecm91/merge.yaml
----> INFO: Reducing the input file list by fraction "0.015" of total events:
            	- total number of events: 438,738,637
            	- targeted number of events: 6,581,079
            	- number of events in the resulting file list: 6,600,000
            	- number of files after reduction: 66
----> INFO: Number of the output files: 5
----> INFO: Running on the batch...
----> INFO: Batch command:
              condor_submit /r02/lhcb/ejnw2/fcc_2025/FCCAnalyses/BatchOutputs/2025-01-21_01-43-38/p8_ee_Zbb_ecm91/job_desc_p8_ee_Zbb_ecm91.cfg
----> INFO: Submitting job(s).....
            5 job(s) submitted to cluster 7807.

----> INFO: GOOD SUBMISSION
----> INFO: YAML file with process information successfully loaded:
            /cvmfs/fcc.cern.ch/FCCDicts/yaml/FCCee/winter2023/IDEA/p8_ee_Zcc_ecm91/merge.yaml
----> INFO: Reducing the input file list by fraction "0.015" of total events:
            	- total number of events: 499,786,495
            	- targeted number of events: 7,496,797
            	- number of events in the resulting file list: 7,594,560
            	- number of files after reduction: 76
----> INFO: Number of the output files: 8
----> INFO: Running on the batch...
----> INFO: Batch command:
              condor_submit /r02/lhcb/ejnw2/fcc_2025/FCCAnalyses/BatchOutputs/2025-01-21_01-43-41/p8_ee_Zcc_ecm91/job_desc_p8_ee_Zcc_ecm91.cfg
----> INFO: Submitting job(s)........
            8 job(s) submitted to cluster 7808.

----> INFO: GOOD SUBMISSION
----> INFO: YAML file with process information successfully loaded:
            /cvmfs/fcc.cern.ch/FCCDicts/yaml/FCCee/winter2023/IDEA/p8_ee_Zss_ecm91/merge.yaml
----> INFO: Reducing the input file list by fraction "0.015" of total events:
            	- total number of events: 499,842,440
            	- targeted number of events: 7,497,636
            	- number of events in the resulting file list: 7,538,551
            	- number of files after reduction: 77
----> INFO: Number of the output files: 10
----> INFO: Running on the batch...
----> INFO: Batch command:
              condor_submit /r02/lhcb/ejnw2/fcc_2025/FCCAnalyses/BatchOutputs/2025-01-21_01-43-45/p8_ee_Zss_ecm91/job_desc_p8_ee_Zss_ecm91.cfg
----> INFO: Submitting job(s)..........
            10 job(s) submitted to cluster 7809.

----> INFO: GOOD SUBMISSION
----> INFO: YAML file with process information successfully loaded:
            /cvmfs/fcc.cern.ch/FCCDicts/yaml/FCCee/winter2023/IDEA/p8_ee_Zud_ecm91/merge.yaml
----> INFO: Reducing the input file list by fraction "0.015" of total events:
            	- total number of events: 497,658,654
            	- targeted number of events: 7,464,879
            	- number of events in the resulting file list: 7,478,435
            	- number of files after reduction: 76
----> INFO: Number of the output files: 10
----> INFO: Running on the batch...
----> INFO: Batch command:
              condor_submit /r02/lhcb/ejnw2/fcc_2025/FCCAnalyses/BatchOutputs/2025-01-21_01-43-49/p8_ee_Zud_ecm91/job_desc_p8_ee_Zud_ecm91.cfg
----> INFO: Submitting job(s)..........
            10 job(s) submitted to cluster 7810.

----> INFO: GOOD SUBMISSION
----> INFO: Using config.py file from:
               /r02/lhcb/ejnw2/fcc_2025/FCCAnalyses/examples/FCCee/flavour/B2Inv
----> INFO: Using branch names from:
               /r02/lhcb/ejnw2/fcc_2025/FCCAnalyses/examples/FCCee/flavour/B2Inv/B2Inv.yaml
