----> INFO: Loading analyzers from libFCCAnalyses...
----> INFO: Loading analysis file:
            /r02/lhcb/ejnw2/fcc_2025/FCCAnalyses/examples/FCCee/flavour/B2Inv/process_tuples.py
----> INFO: Multithreading enabled. Running over 8 threads
----> INFO: YAML file with process information successfully loaded:
            /cvmfs/fcc.cern.ch/FCCDicts/yaml/FCCee/winter2023/IDEA/p8_ee_Zbb_ecm91_EvtGen_Bs2NuNu/merge.yaml
----> INFO: Number of the output files: 20
----> INFO: Running on the batch...
----> INFO: Batch command:
              condor_submit /r02/lhcb/ejnw2/fcc_2025/FCCAnalyses/BatchOutputs/2025-02-24_14-50-43/p8_ee_Zbb_ecm91_EvtGen_Bs2NuNu/job_desc_p8_ee_Zbb_ecm91_EvtGen_Bs2NuNu.cfg
----> INFO: Submitting job(s)....................
            20 job(s) submitted to cluster 31599.

----> INFO: GOOD SUBMISSION
----> INFO: YAML file with process information successfully loaded:
            /cvmfs/fcc.cern.ch/FCCDicts/yaml/FCCee/winter2023/IDEA/p8_ee_Zbb_ecm91_EvtGen_Bd2NuNu/merge.yaml
----> INFO: Number of the output files: 20
----> INFO: Running on the batch...
----> INFO: Batch command:
              condor_submit /r02/lhcb/ejnw2/fcc_2025/FCCAnalyses/BatchOutputs/2025-02-24_14-50-50/p8_ee_Zbb_ecm91_EvtGen_Bd2NuNu/job_desc_p8_ee_Zbb_ecm91_EvtGen_Bd2NuNu.cfg
----> INFO: Submitting job(s)....................
            20 job(s) submitted to cluster 31600.

----> INFO: GOOD SUBMISSION
----> INFO: YAML file with process information successfully loaded:
            /cvmfs/fcc.cern.ch/FCCDicts/yaml/FCCee/winter2023/IDEA/p8_ee_Zbb_ecm91/merge.yaml
----> INFO: Number of the output files: 800
----> INFO: Running on the batch...
----> INFO: Batch command:
              condor_submit /r02/lhcb/ejnw2/fcc_2025/FCCAnalyses/BatchOutputs/2025-02-24_14-50-54/p8_ee_Zbb_ecm91/job_desc_p8_ee_Zbb_ecm91.cfg
----> INFO: Submitting job(s)................................................................................................................................................................................................................................................................................................................................................................................................................................................................................................................................................................................................................................................................................................................................................................................................................................
            800 job(s) submitted to cluster 31601.

----> INFO: GOOD SUBMISSION
----> INFO: YAML file with process information successfully loaded:
            /cvmfs/fcc.cern.ch/FCCDicts/yaml/FCCee/winter2023/IDEA/p8_ee_Zcc_ecm91/merge.yaml
----> INFO: Number of the output files: 800
----> INFO: Running on the batch...
----> INFO: Batch command:
              condor_submit /r02/lhcb/ejnw2/fcc_2025/FCCAnalyses/BatchOutputs/2025-02-24_14-51-14/p8_ee_Zcc_ecm91/job_desc_p8_ee_Zcc_ecm91.cfg
----> INFO: Submitting job(s)................................................................................................................................................................................................................................................................................................................................................................................................................................................................................................................................................................................................................................................................................................................................................................................................................................
            800 job(s) submitted to cluster 31602.

----> INFO: GOOD SUBMISSION
----> INFO: YAML file with process information successfully loaded:
            /cvmfs/fcc.cern.ch/FCCDicts/yaml/FCCee/winter2023/IDEA/p8_ee_Zss_ecm91/merge.yaml
----> INFO: Number of the output files: 800
----> INFO: Running on the batch...
----> INFO: Batch command:
              condor_submit /r02/lhcb/ejnw2/fcc_2025/FCCAnalyses/BatchOutputs/2025-02-24_14-51-36/p8_ee_Zss_ecm91/job_desc_p8_ee_Zss_ecm91.cfg
----> INFO: Submitting job(s)................................................................................................................................................................................................................................................................................................................................................................................................................................................................................................................................................................................................................................................................................................................................................................................................................................
            800 job(s) submitted to cluster 31603.

----> INFO: GOOD SUBMISSION
----> INFO: YAML file with process information successfully loaded:
            /cvmfs/fcc.cern.ch/FCCDicts/yaml/FCCee/winter2023/IDEA/p8_ee_Zud_ecm91/merge.yaml
----> INFO: Number of the output files: 800
----> INFO: Running on the batch...
----> INFO: Batch command:
              condor_submit /r02/lhcb/ejnw2/fcc_2025/FCCAnalyses/BatchOutputs/2025-02-24_14-51-57/p8_ee_Zud_ecm91/job_desc_p8_ee_Zud_ecm91.cfg
----> INFO: Submitting job(s)................................................................................................................................................................................................................................................................................................................................................................................................................................................................................................................................................................................................................................................................................................................................................................................................................................
            800 job(s) submitted to cluster 31604.

----> INFO: GOOD SUBMISSION
----> INFO: YAML file with process information successfully loaded:
            /cvmfs/fcc.cern.ch/FCCDicts/yaml/FCCee/winter2023/IDEA/p8_ee_Ztautau_ecm91/merge.yaml
----> INFO: Number of the output files: 50
----> INFO: Running on the batch...
----> INFO: Batch command:
              condor_submit /r02/lhcb/ejnw2/fcc_2025/FCCAnalyses/BatchOutputs/2025-02-24_14-52-18/p8_ee_Ztautau_ecm91/job_desc_p8_ee_Ztautau_ecm91.cfg
----> INFO: Submitting job(s)..................................................
            50 job(s) submitted to cluster 31605.

----> INFO: GOOD SUBMISSION
----> INFO: YAML file with process information successfully loaded:
            /cvmfs/fcc.cern.ch/FCCDicts/yaml/FCCee/winter2023/IDEA/p8_ee_Zmumu_ecm91/merge.yaml
----> INFO: Number of the output files: 100
----> INFO: Running on the batch...
----> INFO: Batch command:
              condor_submit /r02/lhcb/ejnw2/fcc_2025/FCCAnalyses/BatchOutputs/2025-02-24_14-52-22/p8_ee_Zmumu_ecm91/job_desc_p8_ee_Zmumu_ecm91.cfg
----> INFO: Submitting job(s)....................................................................................................
            100 job(s) submitted to cluster 31606.

----> INFO: GOOD SUBMISSION
----> INFO: YAML file with process information successfully loaded:
            /cvmfs/fcc.cern.ch/FCCDicts/yaml/FCCee/winter2023/IDEA/p8_ee_Zee_ecm91/merge.yaml
----> INFO: Number of the output files: 100
----> INFO: Running on the batch...
----> INFO: Batch command:
              condor_submit /r02/lhcb/ejnw2/fcc_2025/FCCAnalyses/BatchOutputs/2025-02-24_14-52-27/p8_ee_Zee_ecm91/job_desc_p8_ee_Zee_ecm91.cfg
----> INFO: Submitting job(s)....................................................................................................
            100 job(s) submitted to cluster 31607.

----> INFO: GOOD SUBMISSION
----> INFO: Using config.py file from:
               /r02/lhcb/ejnw2/fcc_2025/FCCAnalyses/examples/FCCee/flavour/B2Inv
----> INFO: Using branch names from:
               /r02/lhcb/ejnw2/fcc_2025/FCCAnalyses/examples/FCCee/flavour/B2Inv/B2Inv.yaml
